// Jest Snapshot v1, https://goo.gl/fbAQLP

exports[`__interactive 1`] = `
<DocumentFragment>
  <div
    class="search"
  >
    <div
      class="title"
    >
      Pool Search
    </div>
    <div
      class="inputSearch"
    >
      <div
        class="content"
        role="button"
        tabindex="0"
      >
        <div
          class="input input icon isLeftIcon"
        >
          <input
            type="text"
            value=""
          />
          <button
            class="icon"
            type="button"
          >
            <test-file-stub />
          </button>
        </div>
      </div>
    </div>
  </div>
</DocumentFragment>
`;
