// Jest Snapshot v1, https://goo.gl/fbAQLP

exports[`__interactive 1`] = `
<DocumentFragment>
  <div
    class="navbar"
  >
    <div
      class="icon"
    >
      <img
        alt="orca"
        src="test-file-stub"
      />
       Hackboard
    </div>
    <button
      class=""
      type="button"
    >
      <div>
        <test-file-stub />
         Overall
      </div>
    </button>
    <button
      class=""
      type="button"
    >
      <div>
        <test-file-stub />
         Individual Wallet
      </div>
    </button>
    <div
      class="bottom"
    >
      <test-file-stub />
      Created by Soltx
    </div>
  </div>
</DocumentFragment>
`;
