// Jest Snapshot v1, https://goo.gl/fbAQLP

exports[`__interactive 1`] = `
<DocumentFragment>
  <div
    class="controlBar"
  >
    <div
      class="king"
    >
      <button
        type="button"
      >
        <test-file-stub />
      </button>
      <div
        class="description"
      >
        Top Asset Owner
Today
      </div>
    </div>
    <div
      class="wallet"
    >
      <div
        class="input input"
      >
        <input
          placeholder="Insert wallet address"
          value=""
        />
      </div>
      <button
        class="button"
        type="button"
      >
        <div>
          Generate
        </div>
      </button>
    </div>
  </div>
</DocumentFragment>
`;
