// Jest Snapshot v1, https://goo.gl/fbAQLP

exports[`__interactive 1`] = `
<DocumentFragment>
  <div
    class="accountInfo"
  >
    <div
      class="header"
    >
      Individual Account 
    </div>
    <div
      class="account"
    >
      -
    </div>
    <div
      class="coin"
    >
      Asset:
    </div>
  </div>
</DocumentFragment>
`;
